
  .   ____          _            __ _ _
 /\\ / ___'_ __ _ _(_)_ __  __ _ \ \ \ \
( ( )\___ | '_ | '_| | '_ \/ _` | \ \ \ \
 \\/  ___)| |_)| | | | | || (_| |  ) ) ) )
  '  |____| .__|_| |_|_| |_\__, | / / / /
 =========|_|==============|___/=/_/_/_/

 :: Spring Boot ::                (v3.5.7)

2025-11-05 22:30:52 - Starting CatalogMicroserviceApplication v0.0.1-SNAPSHOT using Java 21.0.6 with PID 46940 (/Users/angel/Desktop/BalconazoApp/catalog_microservice/target/catalog_microservice-0.0.1-SNAPSHOT.jar started by angel in /Users/angel/Desktop/BalconazoApp/catalog_microservice)
2025-11-05 22:30:52 - No active profile set, falling back to 1 default profile: "default"
2025-11-05 22:30:53 - Multiple Spring Data modules found, entering strict repository configuration mode
2025-11-05 22:30:53 - Bootstrapping Spring Data JPA repositories in DEFAULT mode.
2025-11-05 22:30:54 - Finished Spring Data repository scanning in 156 ms. Found 5 JPA repository interfaces.
2025-11-05 22:30:54 - BeanFactory id=00c12cf6-0975-3bd9-bb22-1bec1cf26cbb
2025-11-05 22:30:55 - Tomcat initialized with port 8085 (http)
2025-11-05 22:30:55 - Starting service [Tomcat]
2025-11-05 22:30:55 - Starting Servlet engine: [Apache Tomcat/10.1.48]
2025-11-05 22:30:55 - Initializing Spring embedded WebApplicationContext
2025-11-05 22:30:55 - Root WebApplicationContext: initialization completed in 3170 ms
2025-11-05 22:30:56 - HHH000204: Processing PersistenceUnitInfo [name: default]
2025-11-05 22:30:56 - HHH000412: Hibernate ORM core version 6.6.33.Final
2025-11-05 22:30:56 - HHH000026: Second-level cache disabled
2025-11-05 22:30:56 - No LoadTimeWeaver setup: ignoring JPA class transformer
2025-11-05 22:30:56 - HikariPool-1 - Starting...
2025-11-05 22:30:56 - HikariPool-1 - Added connection org.postgresql.jdbc.PgConnection@6e96f3cd
2025-11-05 22:30:56 - HikariPool-1 - Start completed.
2025-11-05 22:30:56 - HHH90000025: PostgreSQLDialect does not need to be specified explicitly using 'hibernate.dialect' (remove the property setting and it will be selected by default)
2025-11-05 22:30:56 - HHH10001005: Database info:
	Database JDBC URL [Connecting through datasource 'HikariDataSource (HikariPool-1)']
	Database driver: undefined/unknown
	Database version: 16.10
	Autocommit mode: undefined/unknown
	Isolation level: undefined/unknown
	Minimum pool size: undefined/unknown
	Maximum pool size: undefined/unknown
2025-11-05 22:30:57 - HHH000489: No JTA platform available (set 'hibernate.transaction.jta.platform' to enable JTA platform integration)
2025-11-05 22:30:58 - Initialized JPA EntityManagerFactory for persistence unit 'default'
2025-11-05 22:30:59 - ✅ Redis test -> ok
2025-11-05 22:30:59 - ✅ Redis conectado correctamente en localhost:6379
2025-11-05 22:31:00 - Hibernate is in classpath; If applicable, HQL parser will be used.
2025-11-05 22:31:02 - Exposing 4 endpoints beneath base path '/actuator'
2025-11-05 22:31:02 - 

Using generated security password: a5b91253-db46-46cc-9a45-73940c1c4684

This generated password is for development use only. Your security configuration must be updated before running your application in production.

2025-11-05 22:31:02 - Global AuthenticationManager configured with UserDetailsService bean with name inMemoryUserDetailsManager
2025-11-05 22:31:03 - Eureka HTTP Client uses RestTemplate.
2025-11-05 22:31:03 - Spring Cloud LoadBalancer is currently working with the default cache. While this cache implementation is useful for development and tests, it's recommended to use Caffeine cache in production.You can switch to using Caffeine cache, by adding it and org.springframework.cache.caffeine.CaffeineCacheManager to the classpath.
2025-11-05 22:31:03 - Setting initial instance status as: STARTING
2025-11-05 22:31:03 - Initializing Eureka in region us-east-1
2025-11-05 22:31:03 - Resolving eureka endpoints via configuration
2025-11-05 22:31:03 - Disable delta property : false
2025-11-05 22:31:03 - Single vip registry refresh property : null
2025-11-05 22:31:03 - Force full registry fetch : false
2025-11-05 22:31:03 - Application is null : false
2025-11-05 22:31:03 - Registered Applications size is zero : true
2025-11-05 22:31:03 - Application version is -1: true
2025-11-05 22:31:03 - Getting all instance registry info from the eureka server
2025-11-05 22:31:04 - The response status is 200
2025-11-05 22:31:04 - Starting heartbeat executor: renew interval is: 30
2025-11-05 22:31:04 - InstanceInfoReplicator onDemand update allowed rate per min is 4
2025-11-05 22:31:04 - Discovery Client initialized at timestamp 1762378264106 with initial instances count: 5
2025-11-05 22:31:04 - Registering application CATALOG-SERVICE with eureka with status UP
2025-11-05 22:31:04 - Saw local status change event StatusChangeEvent [timestamp=1762378264114, current=UP, previous=STARTING]
2025-11-05 22:31:04 - DiscoveryClient_CATALOG-SERVICE/192.168.1.56:catalog-service:8085: registering service...
2025-11-05 22:31:04 - Tomcat started on port 8085 (http) with context path '/'
2025-11-05 22:31:04 - Updating port to 8085
2025-11-05 22:31:04 - Started CatalogMicroserviceApplication in 12.55 seconds (process running for 13.42)
2025-11-05 22:31:04 - DiscoveryClient_CATALOG-SERVICE/192.168.1.56:catalog-service:8085 - registration status: 204
2025-11-05 22:33:00 - Initializing Spring DispatcherServlet 'dispatcherServlet'
2025-11-05 22:33:00 - Initializing Servlet 'dispatcherServlet'
2025-11-05 22:33:00 - Completed initialization in 23 ms
2025-11-05 22:33:00 - select ue1_0.id,ue1_0.created_at,ue1_0.email,ue1_0.password_hash,ue1_0.role,ue1_0.status,ue1_0.trust_score,ue1_0.updated_at from catalog.users ue1_0 where ue1_0.id=?
2025-11-05 22:33:00 - Usuario bab58d99-1796-4d61-9bd0-0ee98d6e6924 no existe en catalog DB (usuario nuevo sin espacios)
2025-11-05 22:33:17 - select ue1_0.id,ue1_0.created_at,ue1_0.email,ue1_0.password_hash,ue1_0.role,ue1_0.status,ue1_0.trust_score,ue1_0.updated_at from catalog.users ue1_0 where ue1_0.id=?
2025-11-05 22:33:17 - Usuario bab58d99-1796-4d61-9bd0-0ee98d6e6924 no existe en catalog DB (usuario nuevo sin espacios)
2025-11-05 22:33:41 - select ue1_0.id,ue1_0.created_at,ue1_0.email,ue1_0.password_hash,ue1_0.role,ue1_0.status,ue1_0.trust_score,ue1_0.updated_at from catalog.users ue1_0 where ue1_0.id=?
2025-11-05 22:33:41 - Usuario bab58d99-1796-4d61-9bd0-0ee98d6e6924 no existe en catalog DB (usuario nuevo sin espacios)
2025-11-05 22:33:57 - select ue1_0.id,ue1_0.created_at,ue1_0.email,ue1_0.password_hash,ue1_0.role,ue1_0.status,ue1_0.trust_score,ue1_0.updated_at from catalog.users ue1_0 where ue1_0.id=?
2025-11-05 22:33:57 - Usuario bab58d99-1796-4d61-9bd0-0ee98d6e6924 no existe en catalog DB (usuario nuevo sin espacios)
2025-11-05 22:35:20 - ⚠️ Invalid JWT in GET request (continuing without auth): JWT signature does not match locally computed signature. JWT validity cannot be asserted and should not be trusted.
2025-11-05 22:35:21 - select ue1_0.id,ue1_0.created_at,ue1_0.email,ue1_0.password_hash,ue1_0.role,ue1_0.status,ue1_0.trust_score,ue1_0.updated_at from catalog.users ue1_0 where ue1_0.id=?
2025-11-05 22:35:21 - Usuario bab58d99-1796-4d61-9bd0-0ee98d6e6924 no existe en catalog DB (usuario nuevo sin espacios)
2025-11-05 22:36:03 - Resolving eureka endpoints via configuration
2025-11-05 22:36:52 - select ue1_0.id,ue1_0.created_at,ue1_0.email,ue1_0.password_hash,ue1_0.role,ue1_0.status,ue1_0.trust_score,ue1_0.updated_at from catalog.users ue1_0 where ue1_0.id=?
2025-11-05 22:36:52 - Usuario bab58d99-1796-4d61-9bd0-0ee98d6e6924 no existe en catalog DB (usuario nuevo sin espacios)
2025-11-05 22:37:02 - select ue1_0.id,ue1_0.created_at,ue1_0.email,ue1_0.password_hash,ue1_0.role,ue1_0.status,ue1_0.trust_score,ue1_0.updated_at from catalog.users ue1_0 where ue1_0.id=?
2025-11-05 22:37:02 - Usuario bab58d99-1796-4d61-9bd0-0ee98d6e6924 no existe en catalog DB (usuario nuevo sin espacios)
2025-11-05 22:39:09 - select ue1_0.id,ue1_0.created_at,ue1_0.email,ue1_0.password_hash,ue1_0.role,ue1_0.status,ue1_0.trust_score,ue1_0.updated_at from catalog.users ue1_0 where ue1_0.id=?
2025-11-05 22:39:09 - select ue1_0.id,ue1_0.created_at,ue1_0.email,ue1_0.password_hash,ue1_0.role,ue1_0.status,ue1_0.trust_score,ue1_0.updated_at from catalog.users ue1_0 where ue1_0.id=?
2025-11-05 22:39:09 - select ue1_0.id,ue1_0.created_at,ue1_0.email,ue1_0.password_hash,ue1_0.role,ue1_0.status,ue1_0.trust_score,ue1_0.updated_at from catalog.users ue1_0 where ue1_0.id=?
2025-11-05 22:39:09 - ❌ JWT validation error for POST /api/catalog/spaces
2025-11-05 22:39:09 - ❌ Exception type: jakarta.servlet.ServletException
2025-11-05 22:39:09 - ❌ Error message: Request processing failed: org.springframework.orm.ObjectOptimisticLockingFailureException: Row was updated or deleted by another transaction (or unsaved-value mapping was incorrect): [com.balconazo.catalog_microservice.entity.UserEntity#bab58d99-1796-4d61-9bd0-0ee98d6e6924]
2025-11-05 22:39:10 - select ue1_0.id,ue1_0.created_at,ue1_0.email,ue1_0.password_hash,ue1_0.role,ue1_0.status,ue1_0.trust_score,ue1_0.updated_at from catalog.users ue1_0 where ue1_0.id=?
2025-11-05 22:39:10 - select ue1_0.id,ue1_0.created_at,ue1_0.email,ue1_0.password_hash,ue1_0.role,ue1_0.status,ue1_0.trust_score,ue1_0.updated_at from catalog.users ue1_0 where ue1_0.id=?
2025-11-05 22:39:10 - select ue1_0.id,ue1_0.created_at,ue1_0.email,ue1_0.password_hash,ue1_0.role,ue1_0.status,ue1_0.trust_score,ue1_0.updated_at from catalog.users ue1_0 where ue1_0.id=?
2025-11-05 22:39:10 - ❌ JWT validation error for POST /api/catalog/spaces
2025-11-05 22:39:10 - ❌ Exception type: jakarta.servlet.ServletException
2025-11-05 22:39:10 - ❌ Error message: Request processing failed: org.springframework.orm.ObjectOptimisticLockingFailureException: Row was updated or deleted by another transaction (or unsaved-value mapping was incorrect): [com.balconazo.catalog_microservice.entity.UserEntity#bab58d99-1796-4d61-9bd0-0ee98d6e6924]
2025-11-05 22:41:03 - Resolving eureka endpoints via configuration
2025-11-05 22:46:03 - Resolving eureka endpoints via configuration
2025-11-05 22:51:03 - Resolving eureka endpoints via configuration
2025-11-05 22:53:34 - select ue1_0.id,ue1_0.created_at,ue1_0.email,ue1_0.password_hash,ue1_0.role,ue1_0.status,ue1_0.trust_score,ue1_0.updated_at from catalog.users ue1_0 where ue1_0.id=?
2025-11-05 22:53:34 - select ue1_0.id,ue1_0.created_at,ue1_0.email,ue1_0.password_hash,ue1_0.role,ue1_0.status,ue1_0.trust_score,ue1_0.updated_at from catalog.users ue1_0 where ue1_0.id=?
2025-11-05 22:53:34 - select ue1_0.id,ue1_0.created_at,ue1_0.email,ue1_0.password_hash,ue1_0.role,ue1_0.status,ue1_0.trust_score,ue1_0.updated_at from catalog.users ue1_0 where ue1_0.id=?
2025-11-05 22:53:34 - ❌ JWT validation error for POST /api/catalog/spaces
2025-11-05 22:53:34 - ❌ Exception type: jakarta.servlet.ServletException
2025-11-05 22:53:34 - ❌ Error message: Request processing failed: org.springframework.orm.ObjectOptimisticLockingFailureException: Row was updated or deleted by another transaction (or unsaved-value mapping was incorrect): [com.balconazo.catalog_microservice.entity.UserEntity#bab58d99-1796-4d61-9bd0-0ee98d6e6924]
2025-11-05 22:54:19 - select ue1_0.id,ue1_0.created_at,ue1_0.email,ue1_0.password_hash,ue1_0.role,ue1_0.status,ue1_0.trust_score,ue1_0.updated_at from catalog.users ue1_0 where ue1_0.id=?
2025-11-05 22:54:19 - select ue1_0.id,ue1_0.created_at,ue1_0.email,ue1_0.password_hash,ue1_0.role,ue1_0.status,ue1_0.trust_score,ue1_0.updated_at from catalog.users ue1_0 where ue1_0.id=?
2025-11-05 22:54:19 - select ue1_0.id,ue1_0.created_at,ue1_0.email,ue1_0.password_hash,ue1_0.role,ue1_0.status,ue1_0.trust_score,ue1_0.updated_at from catalog.users ue1_0 where ue1_0.id=?
2025-11-05 22:54:19 - ❌ JWT validation error for POST /api/catalog/spaces
2025-11-05 22:54:19 - ❌ Exception type: jakarta.servlet.ServletException
2025-11-05 22:54:19 - ❌ Error message: Request processing failed: org.springframework.orm.ObjectOptimisticLockingFailureException: Row was updated or deleted by another transaction (or unsaved-value mapping was incorrect): [com.balconazo.catalog_microservice.entity.UserEntity#bab58d99-1796-4d61-9bd0-0ee98d6e6924]
2025-11-05 22:56:03 - Resolving eureka endpoints via configuration
2025-11-05 23:01:03 - Resolving eureka endpoints via configuration
2025-11-05 23:04:01 - select se1_0.id,se1_0.address,se1_0.amenities,se1_0.area_sqm,se1_0.base_price_cents,se1_0.capacity,se1_0.created_at,se1_0.description,se1_0.lat,se1_0.lon,se1_0.owner_id,se1_0.rules,se1_0.status,se1_0.title,se1_0.updated_at from catalog.spaces se1_0 where se1_0.status=?
2025-11-05 23:04:03 - select ue1_0.id,ue1_0.created_at,ue1_0.email,ue1_0.password_hash,ue1_0.role,ue1_0.status,ue1_0.trust_score,ue1_0.updated_at from catalog.users ue1_0 where ue1_0.id=?
2025-11-05 23:04:03 - select sie1_0.id,sie1_0.alt_text,sie1_0.created_at,sie1_0.display_order,sie1_0.is_primary,sie1_0.space_id,sie1_0.url from catalog.space_images sie1_0 left join catalog.spaces s1_0 on s1_0.id=sie1_0.space_id where s1_0.id=? order by sie1_0.display_order
2025-11-05 23:04:03 - select sie1_0.id,sie1_0.alt_text,sie1_0.created_at,sie1_0.display_order,sie1_0.is_primary,sie1_0.space_id,sie1_0.url from catalog.space_images sie1_0 left join catalog.spaces s1_0 on s1_0.id=sie1_0.space_id where s1_0.id=? order by sie1_0.display_order
2025-11-05 23:04:03 - select ue1_0.id,ue1_0.created_at,ue1_0.email,ue1_0.password_hash,ue1_0.role,ue1_0.status,ue1_0.trust_score,ue1_0.updated_at from catalog.users ue1_0 where ue1_0.id=?
2025-11-05 23:04:03 - select sie1_0.id,sie1_0.alt_text,sie1_0.created_at,sie1_0.display_order,sie1_0.is_primary,sie1_0.space_id,sie1_0.url from catalog.space_images sie1_0 left join catalog.spaces s1_0 on s1_0.id=sie1_0.space_id where s1_0.id=? order by sie1_0.display_order
2025-11-05 23:04:03 - select ue1_0.id,ue1_0.created_at,ue1_0.email,ue1_0.password_hash,ue1_0.role,ue1_0.status,ue1_0.trust_score,ue1_0.updated_at from catalog.users ue1_0 where ue1_0.id=?
2025-11-05 23:04:03 - select sie1_0.id,sie1_0.alt_text,sie1_0.created_at,sie1_0.display_order,sie1_0.is_primary,sie1_0.space_id,sie1_0.url from catalog.space_images sie1_0 left join catalog.spaces s1_0 on s1_0.id=sie1_0.space_id where s1_0.id=? order by sie1_0.display_order
2025-11-05 23:04:03 - select sie1_0.id,sie1_0.alt_text,sie1_0.created_at,sie1_0.display_order,sie1_0.is_primary,sie1_0.space_id,sie1_0.url from catalog.space_images sie1_0 left join catalog.spaces s1_0 on s1_0.id=sie1_0.space_id where s1_0.id=? order by sie1_0.display_order
2025-11-05 23:04:03 - select sie1_0.id,sie1_0.alt_text,sie1_0.created_at,sie1_0.display_order,sie1_0.is_primary,sie1_0.space_id,sie1_0.url from catalog.space_images sie1_0 left join catalog.spaces s1_0 on s1_0.id=sie1_0.space_id where s1_0.id=? order by sie1_0.display_order
2025-11-05 23:04:03 - select sie1_0.id,sie1_0.alt_text,sie1_0.created_at,sie1_0.display_order,sie1_0.is_primary,sie1_0.space_id,sie1_0.url from catalog.space_images sie1_0 left join catalog.spaces s1_0 on s1_0.id=sie1_0.space_id where s1_0.id=? order by sie1_0.display_order
2025-11-05 23:04:03 - select sie1_0.id,sie1_0.alt_text,sie1_0.created_at,sie1_0.display_order,sie1_0.is_primary,sie1_0.space_id,sie1_0.url from catalog.space_images sie1_0 left join catalog.spaces s1_0 on s1_0.id=sie1_0.space_id where s1_0.id=? order by sie1_0.display_order
2025-11-05 23:04:25 - select se1_0.id,se1_0.address,se1_0.amenities,se1_0.area_sqm,se1_0.base_price_cents,se1_0.capacity,se1_0.created_at,se1_0.description,se1_0.lat,se1_0.lon,se1_0.owner_id,se1_0.rules,se1_0.status,se1_0.title,se1_0.updated_at from catalog.spaces se1_0 where se1_0.status=?
2025-11-05 23:04:25 - select ue1_0.id,ue1_0.created_at,ue1_0.email,ue1_0.password_hash,ue1_0.role,ue1_0.status,ue1_0.trust_score,ue1_0.updated_at from catalog.users ue1_0 where ue1_0.id=?
2025-11-05 23:04:25 - select sie1_0.id,sie1_0.alt_text,sie1_0.created_at,sie1_0.display_order,sie1_0.is_primary,sie1_0.space_id,sie1_0.url from catalog.space_images sie1_0 left join catalog.spaces s1_0 on s1_0.id=sie1_0.space_id where s1_0.id=? order by sie1_0.display_order
2025-11-05 23:04:25 - select sie1_0.id,sie1_0.alt_text,sie1_0.created_at,sie1_0.display_order,sie1_0.is_primary,sie1_0.space_id,sie1_0.url from catalog.space_images sie1_0 left join catalog.spaces s1_0 on s1_0.id=sie1_0.space_id where s1_0.id=? order by sie1_0.display_order
2025-11-05 23:04:25 - select ue1_0.id,ue1_0.created_at,ue1_0.email,ue1_0.password_hash,ue1_0.role,ue1_0.status,ue1_0.trust_score,ue1_0.updated_at from catalog.users ue1_0 where ue1_0.id=?
2025-11-05 23:04:25 - select sie1_0.id,sie1_0.alt_text,sie1_0.created_at,sie1_0.display_order,sie1_0.is_primary,sie1_0.space_id,sie1_0.url from catalog.space_images sie1_0 left join catalog.spaces s1_0 on s1_0.id=sie1_0.space_id where s1_0.id=? order by sie1_0.display_order
2025-11-05 23:04:25 - select ue1_0.id,ue1_0.created_at,ue1_0.email,ue1_0.password_hash,ue1_0.role,ue1_0.status,ue1_0.trust_score,ue1_0.updated_at from catalog.users ue1_0 where ue1_0.id=?
2025-11-05 23:04:25 - select sie1_0.id,sie1_0.alt_text,sie1_0.created_at,sie1_0.display_order,sie1_0.is_primary,sie1_0.space_id,sie1_0.url from catalog.space_images sie1_0 left join catalog.spaces s1_0 on s1_0.id=sie1_0.space_id where s1_0.id=? order by sie1_0.display_order
2025-11-05 23:04:25 - select sie1_0.id,sie1_0.alt_text,sie1_0.created_at,sie1_0.display_order,sie1_0.is_primary,sie1_0.space_id,sie1_0.url from catalog.space_images sie1_0 left join catalog.spaces s1_0 on s1_0.id=sie1_0.space_id where s1_0.id=? order by sie1_0.display_order
2025-11-05 23:04:25 - select sie1_0.id,sie1_0.alt_text,sie1_0.created_at,sie1_0.display_order,sie1_0.is_primary,sie1_0.space_id,sie1_0.url from catalog.space_images sie1_0 left join catalog.spaces s1_0 on s1_0.id=sie1_0.space_id where s1_0.id=? order by sie1_0.display_order
2025-11-05 23:04:25 - select sie1_0.id,sie1_0.alt_text,sie1_0.created_at,sie1_0.display_order,sie1_0.is_primary,sie1_0.space_id,sie1_0.url from catalog.space_images sie1_0 left join catalog.spaces s1_0 on s1_0.id=sie1_0.space_id where s1_0.id=? order by sie1_0.display_order
2025-11-05 23:04:25 - select sie1_0.id,sie1_0.alt_text,sie1_0.created_at,sie1_0.display_order,sie1_0.is_primary,sie1_0.space_id,sie1_0.url from catalog.space_images sie1_0 left join catalog.spaces s1_0 on s1_0.id=sie1_0.space_id where s1_0.id=? order by sie1_0.display_order
2025-11-05 23:04:34 - select ue1_0.id,ue1_0.created_at,ue1_0.email,ue1_0.password_hash,ue1_0.role,ue1_0.status,ue1_0.trust_score,ue1_0.updated_at from catalog.users ue1_0 where ue1_0.id=?
2025-11-05 23:04:34 - Usuario bab58d99-1796-4d61-9bd0-0ee98d6e6924 no existe en catalog DB (usuario nuevo sin espacios)
2025-11-05 23:05:04 - select ue1_0.id,ue1_0.created_at,ue1_0.email,ue1_0.password_hash,ue1_0.role,ue1_0.status,ue1_0.trust_score,ue1_0.updated_at from catalog.users ue1_0 where ue1_0.id=?
2025-11-05 23:05:04 - select ue1_0.id,ue1_0.created_at,ue1_0.email,ue1_0.password_hash,ue1_0.role,ue1_0.status,ue1_0.trust_score,ue1_0.updated_at from catalog.users ue1_0 where ue1_0.id=?
2025-11-05 23:05:04 - select ue1_0.id,ue1_0.created_at,ue1_0.email,ue1_0.password_hash,ue1_0.role,ue1_0.status,ue1_0.trust_score,ue1_0.updated_at from catalog.users ue1_0 where ue1_0.id=?
2025-11-05 23:05:04 - ❌ JWT validation error for POST /api/catalog/spaces
2025-11-05 23:05:04 - ❌ Exception type: jakarta.servlet.ServletException
2025-11-05 23:05:04 - ❌ Error message: Request processing failed: org.springframework.orm.ObjectOptimisticLockingFailureException: Row was updated or deleted by another transaction (or unsaved-value mapping was incorrect): [com.balconazo.catalog_microservice.entity.UserEntity#bab58d99-1796-4d61-9bd0-0ee98d6e6924]
2025-11-05 23:05:05 - select ue1_0.id,ue1_0.created_at,ue1_0.email,ue1_0.password_hash,ue1_0.role,ue1_0.status,ue1_0.trust_score,ue1_0.updated_at from catalog.users ue1_0 where ue1_0.id=?
2025-11-05 23:05:05 - select ue1_0.id,ue1_0.created_at,ue1_0.email,ue1_0.password_hash,ue1_0.role,ue1_0.status,ue1_0.trust_score,ue1_0.updated_at from catalog.users ue1_0 where ue1_0.id=?
2025-11-05 23:05:05 - select ue1_0.id,ue1_0.created_at,ue1_0.email,ue1_0.password_hash,ue1_0.role,ue1_0.status,ue1_0.trust_score,ue1_0.updated_at from catalog.users ue1_0 where ue1_0.id=?
2025-11-05 23:05:05 - ❌ JWT validation error for POST /api/catalog/spaces
2025-11-05 23:05:05 - ❌ Exception type: jakarta.servlet.ServletException
2025-11-05 23:05:05 - ❌ Error message: Request processing failed: org.springframework.orm.ObjectOptimisticLockingFailureException: Row was updated or deleted by another transaction (or unsaved-value mapping was incorrect): [com.balconazo.catalog_microservice.entity.UserEntity#bab58d99-1796-4d61-9bd0-0ee98d6e6924]
2025-11-05 23:06:03 - Resolving eureka endpoints via configuration
2025-11-05 23:11:03 - Resolving eureka endpoints via configuration
2025-11-05 23:16:03 - Resolving eureka endpoints via configuration
2025-11-05 23:17:12 - select se1_0.id,se1_0.address,se1_0.amenities,se1_0.area_sqm,se1_0.base_price_cents,se1_0.capacity,se1_0.created_at,se1_0.description,se1_0.lat,se1_0.lon,se1_0.owner_id,se1_0.rules,se1_0.status,se1_0.title,se1_0.updated_at from catalog.spaces se1_0 where se1_0.status=?
2025-11-05 23:17:12 - select ue1_0.id,ue1_0.created_at,ue1_0.email,ue1_0.password_hash,ue1_0.role,ue1_0.status,ue1_0.trust_score,ue1_0.updated_at from catalog.users ue1_0 where ue1_0.id=?
2025-11-05 23:17:12 - select sie1_0.id,sie1_0.alt_text,sie1_0.created_at,sie1_0.display_order,sie1_0.is_primary,sie1_0.space_id,sie1_0.url from catalog.space_images sie1_0 left join catalog.spaces s1_0 on s1_0.id=sie1_0.space_id where s1_0.id=? order by sie1_0.display_order
2025-11-05 23:17:12 - select sie1_0.id,sie1_0.alt_text,sie1_0.created_at,sie1_0.display_order,sie1_0.is_primary,sie1_0.space_id,sie1_0.url from catalog.space_images sie1_0 left join catalog.spaces s1_0 on s1_0.id=sie1_0.space_id where s1_0.id=? order by sie1_0.display_order
2025-11-05 23:17:12 - select ue1_0.id,ue1_0.created_at,ue1_0.email,ue1_0.password_hash,ue1_0.role,ue1_0.status,ue1_0.trust_score,ue1_0.updated_at from catalog.users ue1_0 where ue1_0.id=?
2025-11-05 23:17:12 - select sie1_0.id,sie1_0.alt_text,sie1_0.created_at,sie1_0.display_order,sie1_0.is_primary,sie1_0.space_id,sie1_0.url from catalog.space_images sie1_0 left join catalog.spaces s1_0 on s1_0.id=sie1_0.space_id where s1_0.id=? order by sie1_0.display_order
2025-11-05 23:17:12 - select ue1_0.id,ue1_0.created_at,ue1_0.email,ue1_0.password_hash,ue1_0.role,ue1_0.status,ue1_0.trust_score,ue1_0.updated_at from catalog.users ue1_0 where ue1_0.id=?
2025-11-05 23:17:12 - select sie1_0.id,sie1_0.alt_text,sie1_0.created_at,sie1_0.display_order,sie1_0.is_primary,sie1_0.space_id,sie1_0.url from catalog.space_images sie1_0 left join catalog.spaces s1_0 on s1_0.id=sie1_0.space_id where s1_0.id=? order by sie1_0.display_order
2025-11-05 23:17:12 - select sie1_0.id,sie1_0.alt_text,sie1_0.created_at,sie1_0.display_order,sie1_0.is_primary,sie1_0.space_id,sie1_0.url from catalog.space_images sie1_0 left join catalog.spaces s1_0 on s1_0.id=sie1_0.space_id where s1_0.id=? order by sie1_0.display_order
2025-11-05 23:17:12 - select sie1_0.id,sie1_0.alt_text,sie1_0.created_at,sie1_0.display_order,sie1_0.is_primary,sie1_0.space_id,sie1_0.url from catalog.space_images sie1_0 left join catalog.spaces s1_0 on s1_0.id=sie1_0.space_id where s1_0.id=? order by sie1_0.display_order
2025-11-05 23:17:12 - select sie1_0.id,sie1_0.alt_text,sie1_0.created_at,sie1_0.display_order,sie1_0.is_primary,sie1_0.space_id,sie1_0.url from catalog.space_images sie1_0 left join catalog.spaces s1_0 on s1_0.id=sie1_0.space_id where s1_0.id=? order by sie1_0.display_order
2025-11-05 23:17:12 - select sie1_0.id,sie1_0.alt_text,sie1_0.created_at,sie1_0.display_order,sie1_0.is_primary,sie1_0.space_id,sie1_0.url from catalog.space_images sie1_0 left join catalog.spaces s1_0 on s1_0.id=sie1_0.space_id where s1_0.id=? order by sie1_0.display_order
2025-11-05 23:17:21 - select ue1_0.id,ue1_0.created_at,ue1_0.email,ue1_0.password_hash,ue1_0.role,ue1_0.status,ue1_0.trust_score,ue1_0.updated_at from catalog.users ue1_0 where ue1_0.id=?
2025-11-05 23:17:21 - Usuario bab58d99-1796-4d61-9bd0-0ee98d6e6924 no existe en catalog DB (usuario nuevo sin espacios)
2025-11-05 23:17:53 - select ue1_0.id,ue1_0.created_at,ue1_0.email,ue1_0.password_hash,ue1_0.role,ue1_0.status,ue1_0.trust_score,ue1_0.updated_at from catalog.users ue1_0 where ue1_0.id=?
2025-11-05 23:17:53 - select ue1_0.id,ue1_0.created_at,ue1_0.email,ue1_0.password_hash,ue1_0.role,ue1_0.status,ue1_0.trust_score,ue1_0.updated_at from catalog.users ue1_0 where ue1_0.id=?
2025-11-05 23:17:53 - select ue1_0.id,ue1_0.created_at,ue1_0.email,ue1_0.password_hash,ue1_0.role,ue1_0.status,ue1_0.trust_score,ue1_0.updated_at from catalog.users ue1_0 where ue1_0.id=?
2025-11-05 23:17:53 - ❌ JWT validation error for POST /api/catalog/spaces
2025-11-05 23:17:53 - ❌ Exception type: jakarta.servlet.ServletException
2025-11-05 23:17:53 - ❌ Error message: Request processing failed: org.springframework.orm.ObjectOptimisticLockingFailureException: Row was updated or deleted by another transaction (or unsaved-value mapping was incorrect): [com.balconazo.catalog_microservice.entity.UserEntity#bab58d99-1796-4d61-9bd0-0ee98d6e6924]
2025-11-05 23:17:54 - select ue1_0.id,ue1_0.created_at,ue1_0.email,ue1_0.password_hash,ue1_0.role,ue1_0.status,ue1_0.trust_score,ue1_0.updated_at from catalog.users ue1_0 where ue1_0.id=?
2025-11-05 23:17:54 - select ue1_0.id,ue1_0.created_at,ue1_0.email,ue1_0.password_hash,ue1_0.role,ue1_0.status,ue1_0.trust_score,ue1_0.updated_at from catalog.users ue1_0 where ue1_0.id=?
2025-11-05 23:17:54 - select ue1_0.id,ue1_0.created_at,ue1_0.email,ue1_0.password_hash,ue1_0.role,ue1_0.status,ue1_0.trust_score,ue1_0.updated_at from catalog.users ue1_0 where ue1_0.id=?
2025-11-05 23:17:54 - ❌ JWT validation error for POST /api/catalog/spaces
2025-11-05 23:17:54 - ❌ Exception type: jakarta.servlet.ServletException
2025-11-05 23:17:54 - ❌ Error message: Request processing failed: org.springframework.orm.ObjectOptimisticLockingFailureException: Row was updated or deleted by another transaction (or unsaved-value mapping was incorrect): [com.balconazo.catalog_microservice.entity.UserEntity#bab58d99-1796-4d61-9bd0-0ee98d6e6924]
2025-11-05 23:20:31 - select ue1_0.id,ue1_0.created_at,ue1_0.email,ue1_0.password_hash,ue1_0.role,ue1_0.status,ue1_0.trust_score,ue1_0.updated_at from catalog.users ue1_0 where ue1_0.id=?
2025-11-05 23:20:31 - select ue1_0.id,ue1_0.created_at,ue1_0.email,ue1_0.password_hash,ue1_0.role,ue1_0.status,ue1_0.trust_score,ue1_0.updated_at from catalog.users ue1_0 where ue1_0.id=?
2025-11-05 23:20:31 - select ue1_0.id,ue1_0.created_at,ue1_0.email,ue1_0.password_hash,ue1_0.role,ue1_0.status,ue1_0.trust_score,ue1_0.updated_at from catalog.users ue1_0 where ue1_0.id=?
2025-11-05 23:20:31 - ❌ JWT validation error for POST /api/catalog/spaces
2025-11-05 23:20:31 - ❌ Exception type: jakarta.servlet.ServletException
2025-11-05 23:20:31 - ❌ Error message: Request processing failed: org.springframework.orm.ObjectOptimisticLockingFailureException: Row was updated or deleted by another transaction (or unsaved-value mapping was incorrect): [com.balconazo.catalog_microservice.entity.UserEntity#bab58d99-1796-4d61-9bd0-0ee98d6e6924]
2025-11-05 23:21:04 - Resolving eureka endpoints via configuration
